Γû▓ Next.js 16.1.6 (Turbopack)
- Environments: .env.local

node.exe : ΓÜá The 
"middleware" file convention 
is deprecated. Please use 
"proxy" instead. Learn more: h
ttps://nextjs.org/docs/message
s/middleware-to-proxy
At line:1 char:1
+ & "C:\Program 
Files\nodejs/node.exe" 
"C:\Program 
Files\nodejs/node_mo ...
+ ~~~~~~~~~~~~~~~~~~~~~~~~~~~~
~~~~~~~~~~~~~~~~~~~~~~~~~~~~~~
~~~~~~~~~~~
    + CategoryInfo          : 
    NotSpecified: (ΓÜá The "  
  middle...leware-to-proxy:   
 String) [], RemoteExcepti    
on
    + FullyQualifiedErrorId : 
    NativeCommandError
 
  Creating an optimized production build ...

> Build error occurred
Error: Turbopack build failed 
with 1 errors:
./lib/supabase/server.ts:2:1
Ecmascript file had an error
[0m [90m 1 |[39m 
[36mimport[39m { 
createServerClient } 
[36mfrom[39m 
[32m'@supabase/ssr'[39m
[31m[1m>[22m[39m[90m 2 
|[39m [36mimport[39m { 
cookies } [36mfrom[39m 
[32m'next/headers'[39m
 [90m   |[39m [31m[1m^[22
m[39m[31m[1m^[22m[39m[31
m[1m^[22m[39m[31m[1m^[22
m[39m[31m[1m^[22m[39m[31
m[1m^[22m[39m[31m[1m^[22
m[39m[31m[1m^[22m[39m[31
m[1m^[22m[39m[31m[1m^[22
m[39m[31m[1m^[22m[39m[31
m[1m^[22m[39m[31m[1m^[22
m[39m[31m[1m^[22m[39m[31
m[1m^[22m[39m[31m[1m^[22
m[39m[31m[1m^[22m[39m[31
m[1m^[22m[39m[31m[1m^[22
m[39m[31m[1m^[22m[39m[31
m[1m^[22m[39m[31m[1m^[22
m[39m[31m[1m^[22m[39m[31
m[1m^[22m[39m[31m[1m^[22
m[39m[31m[1m^[22m[39m[31
m[1m^[22m[39m[31m[1m^[22
m[39m[31m[1m^[22m[39m[31
m[1m^[22m[39m[31m[1m^[22
m[39m[31m[1m^[22m[39m[31
m[1m^[22m[39m[31m[1m^[22
m[39m[31m[1m^[22m[39m[31
m[1m^[22m[39m[31m[1m^[22
m[39m[31m[1m^[22m[39m
 [90m 3 |[39m
 [90m 4 |[39m 
[36mexport[39m 
[36masync[39m 
[36mfunction[39m 
createClient() {
 [90m 5 |[39m     
[36mconst[39m cookieStore 
[33m=[39m [36mawait[39m 
cookies()[0m

You're importing a component 
that needs "next/headers". 
That only works in a Server 
Component which is not 
supported in the pages/ 
directory. Read more: https://
nextjs.org/docs/app/building-y
our-application/rendering/serv
er-components



Import traces:
  #1 [Server Component]:
    ./lib/supabase/server.ts
    
./lib/actions/experience.ts

  #2 [Server Component]:
    ./lib/supabase/server.ts
    ./lib/supabase/queries.ts
    ./app/page.tsx

  #3 [Client Component 
Browser]:
    ./lib/supabase/server.ts 
[Client Component Browser]
    ./lib/supabase/queries.ts 
[Client Component Browser]
    ./app/admin/experience/pag
e.tsx [Client Component 
Browser]
    ./app/admin/experience/pag
e.tsx [Server Component]

  #4 [Client Component SSR]:
    ./lib/supabase/server.ts 
[Client Component SSR]
    ./lib/supabase/queries.ts 
[Client Component SSR]
    ./app/admin/experience/pag
e.tsx [Client Component SSR]
    ./app/admin/experience/pag
e.tsx [Server Component]


    at <unknown> 
(./lib/supabase/server.ts:2:1)
